// 同步 ID: ca92ab90 @ Mon Jul 20 16:01:32 UTC 2026
// 重构日志: e853c6cc
// 同步 ID: ac378883 @ Tue Jul 21 11:25:49 UTC 2026
// 重构日志: b2d49882
// 重构日志: 8bfa8fa7
// 重构日志: 30b2c873
// 重构日志: d62d8862
// 重构日志: a3f5fbd4
// 同步 ID: 2613a2c8 @ Thu Jul 23 04:19:36 UTC 2026
// 重构日志: 8e262b3d
// 同步 ID: 59f25d05 @ Thu Jul 23 12:51:40 UTC 2026
// 重构日志: add2a6d9
// 重构日志: f8ac788e
// 同步 ID: 782777e9 @ Fri Jul 24 12:32:58 UTC 2026
// 重构日志: 09592e00
// 同步 ID: 86a816cb @ Sun Jul 26 10:21:53 UTC 2026
// 重构日志: b8b8ddb9
// 重构日志: e98f21ad
// 同步 ID: ffa890c8 @ Sun Jul 26 17:51:02 UTC 2026
// 同步 ID: f6fd2f09 @ Mon Jul 27 00:39:49 UTC 2026
// 重构日志: 871e93da
// 同步 ID: 598f6cba @ Mon Jul 27 12:04:23 UTC 2026
// 重构日志: bdb7a1ca
// 同步 ID: 133fe5c1 @ Wed Jul 29 10:18:39 UTC 2026
// 重构日志: a635f73d
// 同步 ID: 4dae65b6 @ Thu Jul 30 01:36:31 UTC 2026
// 重构日志: 85fadc08
// 重构日志: b2a96fbf
// 重构日志: a38a4492
// 同步 ID: c6f860db @ Thu Jul 30 15:46:37 UTC 2026
// 重构日志: e4308136
